[quotesfans.com/index.html]
[backblue.gif]
[fade.gif]
[index.html]
[quotesfans.com/sitemap.xml]
[onecdn.io/favicon/favicon_16x16.png]
[onecdn.io/favicon/favicon_32x32.png]
[onecdn.io/favicon/favicon_144x144.png]
[onecdn.io/font-storage/gabarito/gabarito.css]
[onecdn.io/font-storage/onest/onest.css]
[quotesfans.com/cdn-cgi/l/email-protection]
[quotesfans.com/cdn-cgi/scripts/5c5dd728/cloudflare-static/email-decode.min.js]
[onecdn.io/umd/react/18.2.0/react.production.min.js]
[onecdn.io/umd/react-dom/18.2.0/react-dom.production.min.js]
[onecdn.io/b/client/1774434171208/js/shared/page.bundle.js]
[onecdn.io/b/client/1774434171208/js/shared/mobx.bundle.js]
[onecdn.io/b/client/1774434171208/js/shared/color.bundle.js]
[onecdn.io/b/client/1774434171208/js/shared/parallax.bundle.js]
[onecdn.io/b/client/1774434171208/js/commons.bundle.js]
[quotesfans.com/index.html]
[onecdn.io/b/client/1774434171208/js/main.bundle.js]
[onecdn.io/font-storage/gabarito/gabarito-regular.woff2]
[onecdn.io/font-storage/gabarito/gabarito-regular.woff]
[onecdn.io/font-storage/gabarito/gabarito-regular.ttf]
[onecdn.io/font-storage/gabarito/gabarito-regular.svg]
[onecdn.io/font-storage/gabarito/gabarito-500.woff2]
[onecdn.io/font-storage/gabarito/gabarito-500.woff]
[onecdn.io/font-storage/gabarito/gabarito-500.ttf]
[onecdn.io/font-storage/gabarito/gabarito-500.svg]
[onecdn.io/font-storage/gabarito/gabarito-600.woff2]
[onecdn.io/font-storage/gabarito/gabarito-600.woff]
[onecdn.io/font-storage/gabarito/gabarito-600.ttf]
[onecdn.io/font-storage/gabarito/gabarito-600.svg]
[onecdn.io/font-storage/gabarito/gabarito-700.woff2]
[onecdn.io/font-storage/gabarito/gabarito-700.woff]
[onecdn.io/font-storage/gabarito/gabarito-700.ttf]
[onecdn.io/font-storage/gabarito/gabarito-700.svg]
[onecdn.io/font-storage/gabarito/gabarito-800.woff2]
[onecdn.io/font-storage/gabarito/gabarito-800.woff]
[onecdn.io/font-storage/gabarito/gabarito-800.ttf]
[onecdn.io/font-storage/gabarito/gabarito-800.svg]
[onecdn.io/font-storage/gabarito/gabarito-900.woff2]
[onecdn.io/font-storage/gabarito/gabarito-900.woff]
[onecdn.io/font-storage/gabarito/gabarito-900.ttf]
[onecdn.io/font-storage/gabarito/gabarito.css]
[onecdn.io/font-storage/gabarito/gabarito-900.svg]
[onecdn.io/font-storage/onest/onest-100.woff2]
[onecdn.io/font-storage/onest/onest-100.woff]
[onecdn.io/font-storage/onest/onest-100.ttf]
[onecdn.io/font-storage/onest/onest-100.svg]
[onecdn.io/font-storage/onest/onest-200.woff2]
[onecdn.io/font-storage/onest/onest-200.woff]
[onecdn.io/font-storage/onest/onest-200.ttf]
[onecdn.io/font-storage/onest/onest-200.svg]
[onecdn.io/font-storage/onest/onest-300.woff2]
[onecdn.io/font-storage/onest/onest-300.woff]
[onecdn.io/font-storage/onest/onest-300.ttf]
[onecdn.io/font-storage/onest/onest-300.svg]
[onecdn.io/font-storage/onest/onest-regular.woff2]
[onecdn.io/font-storage/onest/onest-regular.woff]
[onecdn.io/font-storage/onest/onest-regular.ttf]
[onecdn.io/font-storage/onest/onest-regular.svg]
[onecdn.io/font-storage/onest/onest-500.woff2]
[onecdn.io/font-storage/onest/onest-500.woff]
[onecdn.io/font-storage/onest/onest-500.ttf]
[onecdn.io/font-storage/onest/onest-500.svg]
[onecdn.io/font-storage/onest/onest-600.woff2]
[onecdn.io/font-storage/onest/onest-600.woff]
[onecdn.io/font-storage/onest/onest-600.ttf]
[onecdn.io/font-storage/onest/onest-600.svg]
[onecdn.io/font-storage/onest/onest-700.woff2]
[onecdn.io/font-storage/onest/onest-700.woff]
[onecdn.io/font-storage/onest/onest-700.ttf]
[onecdn.io/font-storage/onest/onest-700.svg]
[onecdn.io/font-storage/onest/onest-800.woff2]
[onecdn.io/font-storage/onest/onest-800.woff]
[onecdn.io/font-storage/onest/onest-800.ttf]
[onecdn.io/font-storage/onest/onest-800.svg]
[onecdn.io/font-storage/onest/onest-900.woff2]
[onecdn.io/font-storage/onest/onest-900.woff]
[onecdn.io/font-storage/onest/onest-900.ttf]
[onecdn.io/font-storage/onest/onest.css]
[quotesfans.com/cdn-cgi/l/email-protection.html]
[onecdn.io/font-storage/gabarito/gabarito-regular.svg]
[onecdn.io/font-storage/gabarito/gabarito-500.svg]
[onecdn.io/font-storage/gabarito/gabarito-600.svg]
[onecdn.io/font-storage/gabarito/gabarito-700.svg]
[onecdn.io/font-storage/gabarito/gabarito-800.svg]
[onecdn.io/font-storage/gabarito/gabarito-900.svg]
[onecdn.io/font-storage/onest/onest-100.svg]
[onecdn.io/font-storage/onest/onest-200.svg]
[onecdn.io/font-storage/onest/onest-300.svg]
[onecdn.io/font-storage/onest/onest-regular.svg]
[onecdn.io/font-storage/onest/onest-500.svg]
[onecdn.io/font-storage/onest/onest-600.svg]
[onecdn.io/font-storage/onest/onest-700.svg]
[onecdn.io/font-storage/onest/onest-800.svg]
[onecdn.io/font-storage/onest/onest-900.svg]
[onecdn.io/font-storage/onest/onest-900.svg]
